// Jest Snapshot v1, https://goo.gl/fbAQLP

exports[`Test HomePage component Should render correct QuestionCard component 1`] = `undefined`;
