// Jest Snapshot v1, https://goo.gl/fbAQLP

exports[`Test LoginPage component Should correctly render the LoginPage component 1`] = `undefined`;
